<Start>
  <P>
    <EOL>
    <P>
      <END>
  <END>
