<Start>
  <P>
    <I>
      <VERB set>
      <W>
        <REGISTER 0>
      <W>
        <NUMBER 21>
    <EOL>
    <P>
      <END>
  <END>
