<Start>
  <P>
    <D>
      <NUMBER 0>
      <D>
    <EOL>
    <P>
      <D>
        <NUMBER 16>
        <D>
      <EOL>
      <P>
        <D>
          <NUMBER 21>
          <D>
        <EOL>
        <P>
          <D>
            <NUMBER 28>
            <D>
          <EOL>
          <P>
            <D>
              <NUMBER 0>
              <D>
            <EOL>
            <P>
              <END>
  <END>
