<Start>
  <P>
    <I>
      <VERB push>
      <W>
        <REGISTER 0>
    <EOL>
    <P>
  <END>
