<Start>
  <P>
    <T>
      <TAG_DECL hello>
    <EOL>
    <P>
      <END>
  <END>
