      0     1     2     3     4     5     6     7     8     9     a     b     c     d     e     f
0000  01 00 00 80 14 00 0f 00 08 80 00 80 13 00 08 80 09 00 00 80 00 80 01 00 04 00 01 80 00 80 21 00
      set   r0    text ;rmem  r8    r0   ;out   r8   ; add  r0    r0    1    ;eq    r1    r0    endtext;
                        ^loop=0x3

0010  07 00 01 80 03 00 00 00 48 00 65 00 6C 00 6C 00 6F 00 2C 00 20 00 77 00 6F 00 72 00 6C 00 64 00
      jt    r1    loop ;halt ;'H'   'e'   'l'   'l'   'o'   ','   ' '   'w'   'o'   'r'   'l'   'd'
                              ↑
                              ^text=0x14

      0     1     2     3     4     5     6     7     8     9     a     b     c     d     e     f
0020 21 00 <END>
     '!'   <END>
           ↑
           ^endtext=0x21
