<IDENTIFIER set> <REGISTER 0> <NUMBER 21> <EOL>
<END>
