<VERB push> <REGISTER 0> <TAG_REF text> <EOL>
<TAG_DECL loop> <EOL>
<VERB rmem> <REGISTER 8> <REGISTER 0> <EOL>
<VERB out> <REGISTER 8> <EOL>
<VERB add> <REGISTER 0> <REGISTER 0> <NUMBER 1> <EOL>
<VERB eq> <REGISTER 1> <REGISTER 0> <TAG_REF endtext> <EOL>
<VERB jt> <TAG_REF loop> <EOL>
<VERB halt> <EOL>
<TAG_DECL text> <EOL>
<STRING Hello, world!> <EOL>
<TAG_DECL endtext> <EOL>
