<NUMBER 0> <EOL>
<NUMBER 16> <EOL>
<NUMBER 21> <EOL>
<NUMBER 28> <EOL>
<ERROR Unexpected end of digit in base-16 number literal>
<ERROR Unexpected end of digit in base-2 number literal>
<NUMBER 0> <EOL>
<NUMBER 855> <EOL>
<NUMBER 7855> <EOL>
<NUMBER 47806> <EOL>
<ERROR Unexpected digit in base-16 number literal: g>
<END>